Microchip MPLAB XC8 Compiler V1.38 ()

Linker command line:

--edf=C:\Program Files (x86)\Microchip\xc8\v1.38\dat\en_msgs.txt -cs \
  -h+dist/default/production\CellModem.production.sym \
  --cmf=dist/default/production\CellModem.production.cmf -z -Q16F1788 \
  -oC:\Users\jordanm1\AppData\Local\Temp\s6h4.2 \
  -Mdist/default/production/CellModem.production.map -E1 -ver=XC8 \
  -ASTACK=02209h-027efh -pstack=STACK -ACODE=00h-07FFhx8 \
  -ASTRCODE=00h-03FFFh -ASTRING=00h-0FFhx64 -ACONST=00h-0FFhx64 \
  -AENTRY=00h-0FFhx64 -ACOMMON=070h-07Fh -ABANK0=020h-06Fh \
  -ABANK1=0A0h-0EFh -ABANK2=0120h-016Fh -ABANK3=01A0h-01EFh \
  -ABANK4=0220h-026Fh -ABANK5=02A0h-02EFh -ABANK6=0320h-036Fh \
  -ABANK7=03A0h-03EFh -ABANK8=0420h-046Fh -ABANK9=04A0h-04EFh \
  -ABANK10=0520h-056Fh -ABANK11=05A0h-05EFh -ABANK12=0620h-066Fh \
  -ABANK13=06A0h-06EFh -ABANK14=0720h-076Fh -ABANK15=07A0h-07EFh \
  -ABANK16=0820h-086Fh -ABANK17=08A0h-08EFh -ABANK18=0920h-096Fh \
  -ABANK19=09A0h-09EFh -ABANK20=0A20h-0A6Fh -ABANK21=0AA0h-0AEFh \
  -ABANK22=0B20h-0B6Fh -ABANK23=0BA0h-0BEFh -ABANK24=0C20h-0C6Fh \
  -ABANK25=0CA0h-0CBFh -ABIGRAM=02000h-027EFh \
  -ARAM=020h-06Fh,0A0h-0EFh,0120h-016Fh,01A0h-01EFh,0220h-026Fh,02A0h-02EFh,0320h-036Fh,03A0h-03EFh,0420h-046Fh,04A0h-04EFh,0520h-056Fh,05A0h-05EFh,0620h-066Fh,06A0h-06EFh,0720h-076Fh,07A0h-07EFh,0820h-086Fh,08A0h-08EFh,0920h-096Fh,09A0h-09EFh,0A20h-0A6Fh,0AA0h-0AEFh,0B20h-0B6Fh,0BA0h-0BEFh,0C20h-0C6Fh,0CA0h-0CBFh \
  -AABS1=020h-07Fh,0A0h-0EFh,0120h-016Fh,01A0h-01EFh,0220h-026Fh,02A0h-02EFh,0320h-036Fh,03A0h-03EFh,0420h-046Fh,04A0h-04EFh,0520h-056Fh,05A0h-05EFh,0620h-066Fh,06A0h-06EFh,0720h-076Fh,07A0h-07EFh,0820h-086Fh,08A0h-08EFh,0920h-096Fh,09A0h-09EFh,0A20h-0A6Fh,0AA0h-0AEFh,0B20h-0B6Fh,0BA0h-0BEFh,0C20h-0C6Fh,0CA0h-0CBFh \
  -ASFR0=00h-01Fh -ASFR1=080h-09Fh -ASFR2=0100h-011Fh -ASFR3=0180h-019Fh \
  -ASFR4=0200h-021Fh -ASFR5=0280h-029Fh -ASFR6=0300h-031Fh \
  -ASFR7=0380h-039Fh -ASFR8=0400h-041Fh -ASFR9=0480h-049Fh \
  -ASFR10=0500h-051Fh -ASFR11=0580h-059Fh -ASFR12=0600h-061Fh \
  -ASFR13=0680h-069Fh -ASFR14=0700h-071Fh -ASFR15=0780h-079Fh \
  -ASFR16=0800h-081Fh -ASFR17=0880h-089Fh -ASFR18=0900h-091Fh \
  -ASFR19=0980h-099Fh -ASFR20=0A00h-0A1Fh -ASFR21=0A80h-0A9Fh \
  -ASFR22=0B00h-0B1Fh -ASFR23=0B80h-0B9Fh -ASFR24=0C00h-0C1Fh \
  -ASFR25=0C80h-0C9Fh -ASFR26=0D00h-0D6Fh -ASFR27=0D80h-0DEFh \
  -ASFR28=0E00h-0E6Fh -ASFR29=0E80h-0EEFh -ASFR30=0F00h-0F6Fh \
  -ASFR31=0F80h-0FEFh -preset_vec=00h,intentry=04h,init,end_init \
  -ppowerup=CODE -pcinit=CODE -pfunctab=CODE -ACONFIG=08007h-08008h \
  -pconfig=CONFIG -DCONFIG=2 -AIDLOC=08000h-08003h -pidloc=IDLOC -DIDLOC=2 \
  -AEEDATA=00h-0FFh/0F000h -peeprom_data=EEDATA -DEEDATA=2 -DCODE=2 \
  -DSTRCODE=2 -DSTRING=2 -DCONST=2 -DENTRY=2 -k \
  C:\Users\jordanm1\AppData\Local\Temp\s6h4.obj \
  dist/default/production\CellModem.production.obj 

Object code version is 3.11

Machine type is 16F1788



                Name                               Link     Load   Length Selector   Space Scale
C:\Users\jordanm1\AppData\Local\Temp\s6h4.obj
                end_init                             59       59        2        8       0
                reset_vec                             0        0        2        0       0
                config                             8007     8007        1    1000E       0
dist/default/production\CellModem.production.obj
                cinit                                5B       5B       45        8       0
                intentry                              4        4       55        8       0
                text75                             16F7     16F7        A     2DEE       0
                text74                             1748     1748        E     2E90       0
                text73                              AB8      AB8       38     1570       0
                text72                              400      400       D8        8       0
                text71                             1777     1777       15     2EEE       0
                text70                              848      848       1C     1090       0
                text69                             17B7     17B7       18     2F6E       0
                text68                              8FD      8FD       23     11FA       0
                swtext1                            1000     1000        A     2000       0
                text67                              304      304       FC        8       0
                text66                             17A1     17A1       16     2F42       0
                text64                              82D      82D       1B     105A       0
                text63                             1756     1756       10     2EAC       0
                text62                             16D6     16D6        8     2DAC       0
                text61                              C22      C22       46     1844       0
                text60                              864      864       1C     10C8       0
                text59                              E90      E90       5D     1D20       0
                text58                              CAE      CAE       4C     195C       0
                text57                              B28      B28       3B     1650       0
                text56                             17CF     17CF       18     2F9E       0
                text55                             16BB     16BB        5     2D76       0
                text54                              7F1      7F1        F      B4E       0
                text53                             1766     1766       11     2ECC       0
                text52                             16C0     16C0        5     2D80       0
                text51                             17E7     17E7       19     2FCE       0
                text50                              920      920       26     1240       0
                text49                              999      999       2D     1332       0
                text48                              8DB      8DB       22     11B6       0
                text47                              9C6      9C6       2F     138C       0
                text46                              658      658       A0      B4E       0
                text45                              96D      96D       2C     12DA       0
                text44                              89D      89D       1E     113A       0
                text43                              8BB      8BB       20     1176       0
                text42                              F75      F75       8B     1EEA       0
                text41                              CFA      CFA       4E     19F4       0
                text40                             16C5     16C5        5     2D8A       0
                text39                              814      814       19     1028       0
                text38                              5A7      5A7       B1      B4E       0
                text37                              BE0      BE0       42     17C0       0
                text36                              D48      D48       4E     1A90       0
                text35                             16EE     16EE        9     2DDC       0
                text34                             16DE     16DE        8     2DBC       0
                text33                              9F5      9F5       30     13EA       0
                text32                              D96      D96       51     1B2C       0
                text31                             1701     1701        B     2E02       0
                text30                              AF0      AF0       38     15E0       0
                text29                              A86      A86       32     150C       0
                text28                              A55      A55       31     14AA       0
                text27                             16B3     16B3        4     2D66       0
                text26                              DE7      DE7       52     1BCE       0
                text25                              801      801       13     1002       0
                text24                             16A7     16A7        3     2D4E       0
                text23                             16B7     16B7        4     2D6E       0
                text22                                2        2        2        0       0
                text21                             16AA     16AA        3     2D54       0
                text20                              BA1      BA1       3F     1742       0
                text19                             16AD     16AD        3     2D5A       0
                text18                              A25      A25       30     144A       0
                text17                              E39      E39       57     1C72       0
                text16                              B63      B63       3E     16C6       0
                text15                             178C     178C       15     2F18       0
                text14                               A0       A0      134        8       0
                text13                              C68      C68       46     18D0       0
                text12                             170C     170C        C     2E18       0
                text11                             1718     1718        C     2E30       0
                text10                             1724     1724        C     2E48       0
                text9                              1730     1730        C     2E60       0
                text8                              173C     173C        C     2E78       0
                text7                               EED      EED       88     1DDA       0
                text6                              16B0     16B0        3     2D60       0
                text5                               1D4      1D4      130        8       0
                text4                               946      946       27     128C       0
                text3                               6F8      6F8       94      B4E       0
                text2                               800      800        1      B4E       0
                text1                               880      880       1D     1100       0
                maintext                            78C      78C       65      B4E       0
                cstackBANK0                          20       20       45       20       1
                cstackCOMMON                         70       70        E       70       1
                cstackBANK1                          EF       EF        1       A0       1
                cstackBANK2                         16B      16B        4      120       1
                cstackBANK4                         256      256        F      220       1
                clrtext                            16CA     16CA        6     2D94       0
                inittext                           16D0     16D0        6     2DA0       0
                bssBANK6                            320      320       29      320       1
                bssBANK5                            2A0      2A0       45      2A0       1
                bssBANK4                            220      220       36      220       1
                bssBANK3                            1A0      1A0       46      1A0       1
                bssBANK2                            120      120       4B      120       1
                dataBANK1                            E7       E7        8       A0       1
                bssBANK1                             A0       A0       47       A0       1
                bssBANK0                             65       65        6       20       1
                stringtext                          4D8      4D8       CF      9B0       0
                idataBANK1                         16E6     16E6        8     2DCC       0

TOTAL           Name                               Link     Load   Length     Space
        CLASS   STACK          

        CLASS   CODE           
                end_init                             59       59        2         0
                cinit                                5B       5B       45         0
                intentry                              4        4       55         0
                reset_vec                             0        0        2         0
                text75                             16F7     16F7        A         0
                text74                             1748     1748        E         0
                text73                              AB8      AB8       38         0
                text72                              400      400       D8         0
                text71                             1777     1777       15         0
                text70                              848      848       1C         0
                text69                             17B7     17B7       18         0
                text68                              8FD      8FD       23         0
                text67                              304      304       FC         0
                text66                             17A1     17A1       16         0
                text64                              82D      82D       1B         0
                text63                             1756     1756       10         0
                text62                             16D6     16D6        8         0
                text61                              C22      C22       46         0
                text60                              864      864       1C         0
                text59                              E90      E90       5D         0
                text58                              CAE      CAE       4C         0
                text57                              B28      B28       3B         0
                text56                             17CF     17CF       18         0
                text55                             16BB     16BB        5         0
                text54                              7F1      7F1        F         0
                text53                             1766     1766       11         0
                text52                             16C0     16C0        5         0
                text51                             17E7     17E7       19         0
                text50                              920      920       26         0
                text49                              999      999       2D         0
                text48                              8DB      8DB       22         0
                text47                              9C6      9C6       2F         0
                text46                              658      658       A0         0
                text45                              96D      96D       2C         0
                text44                              89D      89D       1E         0
                text43                              8BB      8BB       20         0
                text42                              F75      F75       8B         0
                text41                              CFA      CFA       4E         0
                text40                             16C5     16C5        5         0
                text39                              814      814       19         0
                text38                              5A7      5A7       B1         0
                text37                              BE0      BE0       42         0
                text36                              D48      D48       4E         0
                text35                             16EE     16EE        9         0
                text34                             16DE     16DE        8         0
                text33                              9F5      9F5       30         0
                text32                              D96      D96       51         0
                text31                             1701     1701        B         0
                text30                              AF0      AF0       38         0
                text29                              A86      A86       32         0
                text28                              A55      A55       31         0
                text27                             16B3     16B3        4         0
                text26                              DE7      DE7       52         0
                text25                              801      801       13         0
                text24                             16A7     16A7        3         0
                text23                             16B7     16B7        4         0
                text22                                2        2        2         0
                text21                             16AA     16AA        3         0
                text20                              BA1      BA1       3F         0
                text19                             16AD     16AD        3         0
                text18                              A25      A25       30         0
                text17                              E39      E39       57         0
                text16                              B63      B63       3E         0
                text15                             178C     178C       15         0
                text14                               A0       A0      134         0
                text13                              C68      C68       46         0
                text12                             170C     170C        C         0
                text11                             1718     1718        C         0
                text10                             1724     1724        C         0
                text9                              1730     1730        C         0
                text8                              173C     173C        C         0
                text7                               EED      EED       88         0
                text6                              16B0     16B0        3         0
                text5                               1D4      1D4      130         0
                text4                               946      946       27         0
                text3                               6F8      6F8       94         0
                text2                               800      800        1         0
                text1                               880      880       1D         0
                maintext                            78C      78C       65         0
                clrtext                            16CA     16CA        6         0
                inittext                           16D0     16D0        6         0
                idataBANK1                         16E6     16E6        8         0

        CLASS   STRCODE        
                stringtext                          4D8      4D8       CF         0

        CLASS   STRING         

        CLASS   CONST          
                swtext1                            1000     1000        A         0

        CLASS   ENTRY          

        CLASS   COMMON         
                cstackCOMMON                         70       70        E         1

        CLASS   BANK0          
                cstackBANK0                          20       20       45         1
                bssBANK0                             65       65        6         1

        CLASS   BANK1          
                cstackBANK1                          EF       EF        1         1
                dataBANK1                            E7       E7        8         1
                bssBANK1                             A0       A0       47         1

        CLASS   BANK2          
                cstackBANK2                         16B      16B        4         1
                bssBANK2                            120      120       4B         1

        CLASS   BANK3          
                bssBANK3                            1A0      1A0       46         1

        CLASS   BANK4          
                cstackBANK4                         256      256        F         1
                bssBANK4                            220      220       36         1

        CLASS   BANK5          
                bssBANK5                            2A0      2A0       45         1

        CLASS   BANK6          
                bssBANK6                            320      320       29         1

        CLASS   BANK7          

        CLASS   BANK8          

        CLASS   BANK9          

        CLASS   BANK10         

        CLASS   BANK11         

        CLASS   BANK12         

        CLASS   BANK13         

        CLASS   BANK14         

        CLASS   BANK15         

        CLASS   BANK16         

        CLASS   BANK17         

        CLASS   BANK18         

        CLASS   BANK19         

        CLASS   BANK20         

        CLASS   BANK21         

        CLASS   BANK22         

        CLASS   BANK23         

        CLASS   BANK24         

        CLASS   BANK25         

        CLASS   BIGRAM         

        CLASS   RAM            

        CLASS   ABS1           
                abs_s1                               7E       7E        2         1

        CLASS   SFR0           

        CLASS   SFR1           

        CLASS   SFR2           

        CLASS   SFR3           

        CLASS   SFR4           

        CLASS   SFR5           

        CLASS   SFR6           

        CLASS   SFR7           

        CLASS   SFR8           

        CLASS   SFR9           

        CLASS   SFR10          

        CLASS   SFR11          

        CLASS   SFR12          

        CLASS   SFR13          

        CLASS   SFR14          

        CLASS   SFR15          

        CLASS   SFR16          

        CLASS   SFR17          

        CLASS   SFR18          

        CLASS   SFR19          

        CLASS   SFR20          

        CLASS   SFR21          

        CLASS   SFR22          

        CLASS   SFR23          

        CLASS   SFR24          

        CLASS   SFR25          

        CLASS   SFR26          

        CLASS   SFR27          

        CLASS   SFR28          

        CLASS   SFR29          

        CLASS   SFR30          

        CLASS   SFR31          

        CLASS   CONFIG         
                config                             8007     8007        1         0

        CLASS   IDLOC          

        CLASS   EEDATA         

        CLASS   BANK31         

        CLASS   BANK30         

        CLASS   BANK29         

        CLASS   BANK28         

        CLASS   BANK27         

        CLASS   BANK26         



SEGMENTS        Name                           Load    Length   Top    Selector   Space  Class     Delta

                reset_vec                      000000  000004  000004         0       0  CODE        2
                intentry                       000004  0004D4  0004D8         8       0  CODE        2
                cstackBANK0                    000020  00004B  00006B        20       1  BANK0       1
                cstackCOMMON                   000070  00000E  00007E        70       1  COMMON      1
                bssBANK1                       0000A0  000050  0000F0        A0       1  BANK1       1
                bssBANK2                       000120  00004F  00016F       120       1  BANK2       1
                bssBANK3                       0001A0  000046  0001E6       1A0       1  BANK3       1
                bssBANK4                       000220  000045  000265       220       1  BANK4       1
                bssBANK5                       0002A0  000045  0002E5       2A0       1  BANK5       1
                bssBANK6                       000320  000029  000349       320       1  BANK6       1
                stringtext                     0004D8  0000CF  0005A7       9B0       0  STRCODE     2
                text38                         0005A7  00025A  000801       B4E       0  CODE        2
                text25                         000801  000013  000814      1002       0  CODE        2
                text39                         000814  000019  00082D      1028       0  CODE        2
                text64                         00082D  00001B  000848      105A       0  CODE        2
                text70                         000848  00001C  000864      1090       0  CODE        2
                text60                         000864  00001C  000880      10C8       0  CODE        2
                text1                          000880  00001D  00089D      1100       0  CODE        2
                text44                         00089D  00001E  0008BB      113A       0  CODE        2
                text43                         0008BB  000020  0008DB      1176       0  CODE        2
                text48                         0008DB  000022  0008FD      11B6       0  CODE        2
                text68                         0008FD  000023  000920      11FA       0  CODE        2
                text50                         000920  000026  000946      1240       0  CODE        2
                text4                          000946  000027  00096D      128C       0  CODE        2
                text45                         00096D  00002C  000999      12DA       0  CODE        2
                text49                         000999  00002D  0009C6      1332       0  CODE        2
                text47                         0009C6  00002F  0009F5      138C       0  CODE        2
                text33                         0009F5  000030  000A25      13EA       0  CODE        2
                text18                         000A25  000030  000A55      144A       0  CODE        2
                text28                         000A55  000031  000A86      14AA       0  CODE        2
                text29                         000A86  000032  000AB8      150C       0  CODE        2
                text73                         000AB8  000038  000AF0      1570       0  CODE        2
                text30                         000AF0  000038  000B28      15E0       0  CODE        2
                text57                         000B28  00003B  000B63      1650       0  CODE        2
                text16                         000B63  00003E  000BA1      16C6       0  CODE        2
                text20                         000BA1  00003F  000BE0      1742       0  CODE        2
                text37                         000BE0  000042  000C22      17C0       0  CODE        2
                text61                         000C22  000046  000C68      1844       0  CODE        2
                text13                         000C68  000046  000CAE      18D0       0  CODE        2
                text58                         000CAE  00004C  000CFA      195C       0  CODE        2
                text41                         000CFA  00004E  000D48      19F4       0  CODE        2
                text36                         000D48  00004E  000D96      1A90       0  CODE        2
                text32                         000D96  000051  000DE7      1B2C       0  CODE        2
                text26                         000DE7  000052  000E39      1BCE       0  CODE        2
                text17                         000E39  000057  000E90      1C72       0  CODE        2
                text59                         000E90  00005D  000EED      1D20       0  CODE        2
                text7                          000EED  000088  000F75      1DDA       0  CODE        2
                text42                         000F75  00008B  001000      1EEA       0  CODE        2
                swtext1                        001000  00000A  00100A      2000       0  CONST       2
                text24                         0016A7  000003  0016AA      2D4E       0  CODE        2
                text21                         0016AA  000003  0016AD      2D54       0  CODE        2
                text19                         0016AD  000003  0016B0      2D5A       0  CODE        2
                text6                          0016B0  000003  0016B3      2D60       0  CODE        2
                text27                         0016B3  000004  0016B7      2D66       0  CODE        2
                text23                         0016B7  000004  0016BB      2D6E       0  CODE        2
                text55                         0016BB  000005  0016C0      2D76       0  CODE        2
                text52                         0016C0  000005  0016C5      2D80       0  CODE        2
                text40                         0016C5  000005  0016CA      2D8A       0  CODE        2
                clrtext                        0016CA  000006  0016D0      2D94       0  CODE        2
                inittext                       0016D0  000006  0016D6      2DA0       0  CODE        2
                text62                         0016D6  000008  0016DE      2DAC       0  CODE        2
                text34                         0016DE  000008  0016E6      2DBC       0  CODE        2
                idataBANK1                     0016E6  000008  0016EE      2DCC       0  CODE        2
                text35                         0016EE  000009  0016F7      2DDC       0  CODE        2
                text75                         0016F7  00000A  001701      2DEE       0  CODE        2
                text31                         001701  00000B  00170C      2E02       0  CODE        2
                text12                         00170C  00000C  001718      2E18       0  CODE        2
                text11                         001718  00000C  001724      2E30       0  CODE        2
                text10                         001724  00000C  001730      2E48       0  CODE        2
                text9                          001730  00000C  00173C      2E60       0  CODE        2
                text8                          00173C  00000C  001748      2E78       0  CODE        2
                text74                         001748  00000E  001756      2E90       0  CODE        2
                text63                         001756  000010  001766      2EAC       0  CODE        2
                text53                         001766  000011  001777      2ECC       0  CODE        2
                text71                         001777  000015  00178C      2EEE       0  CODE        2
                text15                         00178C  000015  0017A1      2F18       0  CODE        2
                text66                         0017A1  000016  0017B7      2F42       0  CODE        2
                text69                         0017B7  000018  0017CF      2F6E       0  CODE        2
                text56                         0017CF  000018  0017E7      2F9E       0  CODE        2
                text51                         0017E7  000019  001800      2FCE       0  CODE        2
                config                         008007  000001  008008     1000E       0  CONFIG      2


UNUSED ADDRESS RANGES

        Name                Unused          Largest block    Delta
        BANK0            0006B-0006F               5           1
        BANK10           00520-0056F              50           1
        BANK11           005A0-005EF              50           1
        BANK12           00620-0066F              50           1
        BANK13           006A0-006EF              50           1
        BANK14           00720-0076F              50           1
        BANK15           007A0-007EF              50           1
        BANK16           00820-0086F              50           1
        BANK17           008A0-008EF              50           1
        BANK18           00920-0096F              50           1
        BANK19           009A0-009EF              50           1
        BANK2            0016F-0016F               1           1
        BANK20           00A20-00A6F              50           1
        BANK21           00AA0-00AEF              50           1
        BANK22           00B20-00B6F              50           1
        BANK23           00BA0-00BEF              50           1
        BANK24           00C20-00C6F              50           1
        BANK25           00CA0-00CBF              20           1
        BANK3            001E6-001EF               A           1
        BANK4            00265-0026F               B           1
        BANK5            002E5-002EF               B           1
        BANK6            00349-0036F              27           1
        BANK7            003A0-003EF              50           1
        BANK8            00420-0046F              50           1
        BANK9            004A0-004EF              50           1
        BIGRAM           02000-027EF             7F0           1
        CODE             0100A-016A6             69D           2
                         01800-03FFF             800
        CONFIG           08008-08008               1           2
        CONST            0100A-016A6             100           2
                         01800-03FFF             100
        EEDATA           0F000-0F0FF             100           2
        ENTRY            0100A-016A6             100           2
                         01800-03FFF             100
        IDLOC            08000-08003               4           2
        RAM              0006B-0006F               5           1
                         0016F-0016F               1
                         001E6-001EF               A
                         00265-0026F               B
                         002E5-002EF               B
                         00349-0036F              27
                         003A0-003EF              50
                         00420-0046F              50
                         004A0-004EF              50
                         00520-0056F              50
                         005A0-005EF              50
                         00620-0066F              50
                         006A0-006EF              50
                         00720-0076F              50
                         007A0-007EF              50
                         00820-0086F              50
                         008A0-008EF              50
                         00920-0096F              50
                         009A0-009EF              50
                         00A20-00A6F              50
                         00AA0-00AEF              50
                         00B20-00B6F              50
                         00BA0-00BEF              50
                         00C20-00C6F              50
                         00CA0-00CBF              20
        SFR0             00000-0001F              20           1
        SFR1             00080-0009F              20           1
        SFR10            00500-0051F              20           1
        SFR11            00580-0059F              20           1
        SFR12            00600-0061F              20           1
        SFR13            00680-0069F              20           1
        SFR14            00700-0071F              20           1
        SFR15            00780-0079F              20           1
        SFR16            00800-0081F              20           1
        SFR17            00880-0089F              20           1
        SFR18            00900-0091F              20           1
        SFR19            00980-0099F              20           1
        SFR2             00100-0011F              20           1
        SFR20            00A00-00A1F              20           1
        SFR21            00A80-00A9F              20           1
        SFR22            00B00-00B1F              20           1
        SFR23            00B80-00B9F              20           1
        SFR24            00C00-00C1F              20           1
        SFR25            00C80-00C9F              20           1
        SFR26            00D00-00D6F              70           1
        SFR27            00D80-00DEF              70           1
        SFR28            00E00-00E6F              70           1
        SFR29            00E80-00EEF              70           1
        SFR3             00180-0019F              20           1
        SFR30            00F00-00F6F              70           1
        SFR31            00F80-00FEF              70           1
        SFR4             00200-0021F              20           1
        SFR5             00280-0029F              20           1
        SFR6             00300-0031F              20           1
        SFR7             00380-0039F              20           1
        SFR8             00400-0041F              20           1
        SFR9             00480-0049F              20           1
        STACK            02209-027EF             5E7           1
        STRCODE          0100A-016A6             69D           2
                         01800-03FFF            2800
        STRING           0100A-016A6             100           2
                         01800-03FFF             100

                                  Symbol Table

?_ES_Timer_GetTime                        cstackBANK0  00027
?_RunAnalogService                        cstackBANK0  00054
?_RunButtonDebounceSM                     cstackBANK0  00054
?_RunPACService                           cstackBANK0  00054
?_RunReceivingService                     cstackBANK0  00054
?_RunToggleService                        cstackBANK0  00054
?__HW_GetTickCount                        cstackBANK0  00025
?___awdiv                                 cstackBANK0  00025
?___awmod                                 cstackBANK0  00025
?___lmul                                  cstackBANK0  00025
?___wmul                                  cstackBANK0  0002C
?_abs                                     cstackCOMMON 00070
?_printf                                  cstackBANK0  00025
?_rand                                    cstackBANK0  00031
AnalogISR@Reading                         cstackCOMMON 0007B
AnalogISR@ShiftedReading                  cstackCOMMON 0007D
AnalogService@CurrentState                bssBANK0     00065
AnalogService@MyPriority                  bssBANK1     000B3
Button@CurrentState                       bssBANK1     000B4
Button@MyPriority                         bssBANK1     000B5
CheckButtonEvents@CurrentButtonState      cstackBANK0  0004E
CheckButtonEvents@ReturnVal               cstackBANK0  0004A
CheckButtonEvents@ThisEvent               cstackBANK0  0004B
ConstructControlPacket@AccelInput         cstackBANK0  00053
ConstructControlPacket@EBrake             cstackBANK0  00051
ConstructControlPacket@SpecAction         cstackBANK0  0004F
ConstructControlPacket@SteerInput         cstackBANK0  0004E
ConstructControlPacket@Unpair             cstackBANK0  00050
ConstructPacket@Event2Post                cstackBANK0  0004A
ConstructPacket@index                     cstackBANK0  0004D
ConstructPairRequestPacket@Color          cstackBANK0  00050
ConstructPairRequestPacket@LobbyistNumber cstackBANK0  0004E
CopyFrameData@PacketSize                  cstackCOMMON 00070
CopyFrameData@PacketSource                cstackCOMMON 00072
ES_CheckUserEvents@i                      cstackBANK0  00051
ES_DeQueue@NumLeft                        cstackBANK0  0003A
ES_DeQueue@SaveCrit                       cstackBANK0  00039
ES_DeQueue@pBlock                         cstackBANK0  00032
ES_DeQueue@pReturnEvent                   cstackBANK0  00034
ES_DeQueue@pThisQueue                     cstackBANK0  0003B
ES_EnQueueFIFO@Event2Add                  cstackBANK0  00034
ES_EnQueueFIFO@SaveCrit                   cstackBANK0  00039
ES_EnQueueFIFO@pBlock                     cstackBANK0  00032
ES_EnQueueFIFO@pThisQueue                 cstackBANK0  0003A
ES_GetMSBitSet@LoopCntr                   cstackBANK0  0002D
ES_GetMSBitSet@Nybble2Test                cstackBANK0  0002C
ES_GetMSBitSet@ReturnVal                  cstackBANK0  0002B
ES_GetMSBitSet@Val2Check                  cstackBANK0  00025
ES_InitQueue@BlockSize                    cstackBANK0  00034
ES_InitQueue@pBlock                       cstackBANK0  00032
ES_InitQueue@pThisQueue                   cstackBANK0  00036
ES_Initialize@NewRate                     cstackBANK0  0004B
ES_Initialize@i                           cstackBANK0  00055
ES_PostAll@ThisEvent                      cstackBANK0  0003C
ES_PostAll@i                              cstackBANK0  00045
ES_PostToService@TheEvent                 cstackBANK0  0003C
ES_PostToService@WhichService             cstackBANK0  00045
ES_Run@HighestPrior                       cstackBANK2  0016D
ES_Run@ThisEvent                          bssBANK1     000E4
ES_Timer_Init@Rate                        cstackBANK0  00027
ES_Timer_InitTimer@NewTime                cstackBANK0  00025
ES_Timer_InitTimer@Num                    cstackBANK0  0002B
ES_Timer_StopTimer@Num                    cstackCOMMON 00074
ES_Timer_Tick_Resp@NeedsProcessing        bssBANK1     000A3
ES_Timer_Tick_Resp@NewEvent               bssBANK1     000A0
ES_Timer_Tick_Resp@NextTimer2Process      bssBANK0     00066
EncryptControlData@i                      cstackBANK0  00026
GenerateKey@i                             cstackBANK0  00039
ISR@LastTime                              bssBANK1     000A5
ISR@NextTime                              bssBANK1     000A7
InitAnalogService@Priority                cstackBANK0  00046
InitAnalogService@ThisEvent               cstackBANK0  00048
InitPACService@Priority                   cstackBANK0  00046
InitPACService@ThisEvent                  cstackBANK0  00048
InitReceivingService@Priority             cstackBANK0  00046
InitReceivingService@ThisEvent            cstackBANK0  00048
InitToggleService@Priority                cstackBANK0  00046
InitToggleService@ThisEvent               cstackBANK0  00048
InitializeButtonDebounce@Priority         cstackBANK0  00046
PACService@CurrentState                   bssBANK0     00067
PACService@MyPriority                     bssBANK1     000B6
PostAnalogService@ThisEvent               cstackBANK0  00046
PostButtonDebounceSM@ThisEvent            cstackBANK0  00046
PostPACService@ThisEvent                  cstackBANK0  00046
PostReceivingService@ThisEvent            cstackBANK0  00046
PostToggleService@ThisEvent               cstackBANK0  00046
ProcessData@API_ID                        cstackBANK0  00050
ProcessData@AckCheckSum                   cstackBANK0  00052
ProcessData@ByteIndex                     cstackBANK0  00058
ProcessData@CurrentPACState               cstackBANK0  00053
ProcessData@Event2Post                    cstackBANK0  0004C
ProcessData@PACEvent                      cstackBANK0  00054
ProcessData@ReceivedFrameID               cstackBANK0  0004F
ProcessData@Status                        cstackBANK0  00051
ProcessData@Status_1263                   cstackBANK0  00057
ProcessDataModule@CheckSum                bssBANK1     000B7
ProcessDataModule@Packet2Send             bssBANK2     00120
ProcessDataModule@Packet2SendSize         bssBANK1     000B8
RCIF_ISR@ByteReceived                     cstackBANK0  00022
RCIF_ISR@NextState                        cstackBANK0  00021
RCIF_ISR@ReturnVal                        cstackBANK0  00020
ReceivingService@CurrentState             bssBANK1     000B9
ReceivingService@MyPriority               bssBANK1     000BA
RunAnalogService@NextState                cstackBANK0  0005B
RunAnalogService@ReturnEvent              cstackBANK0  00058
RunAnalogService@ThisEvent                cstackBANK0  00054
RunButtonDebounceSM@Event2Post            cstackBANK0  00058
RunButtonDebounceSM@Event2Post_846        cstackBANK0  0005B
RunButtonDebounceSM@ReturnEvent           cstackBANK0  0005E
RunButtonDebounceSM@ThisEvent             cstackBANK0  00054
RunPACService@AccelInput                  cstackBANK4  0025F
RunPACService@EBrake                      cstackBANK4  00263
RunPACService@Event2Post                  cstackBANK4  00256
RunPACService@Event2Post_1171             cstackBANK4  0025C
RunPACService@NextState                   cstackBANK4  00264
RunPACService@ReturnEvent                 cstackBANK4  00259
RunPACService@SpecAction                  cstackBANK4  00261
RunPACService@SteerInput                  cstackBANK4  00260
RunPACService@ThisEvent                   cstackBANK0  00054
RunPACService@Unpair                      cstackBANK4  00262
RunReceivingService@ReturnEvent           cstackBANK0  00057
RunReceivingService@ThisEvent             cstackBANK0  00054
RunToggleService@ReturnEvent              cstackBANK0  00057
RunToggleService@ThisEvent                cstackBANK0  00054
TemplateService@MyPriority                bssBANK1     000BB
ToggleService@MyPriority                  bssBANK1     000BC
_ADCON0                                   (abs)        0009D
_ADCON1                                   (abs)        0009E
_ADFM                                     (abs)        004F7
_ADIE                                     (abs)        0048E
_ADIF                                     (abs)        0008E
_ADON                                     (abs)        004E8
_ADRESH                                   (abs)        0009C
_ADRESL                                   (abs)        0009B
_ADRMD                                    (abs)        004EF
_ANSC7                                    (abs)        00C77
_ANSELA                                   (abs)        0018C
_ANSELB                                   (abs)        0018D
_ANSELC                                   (abs)        0018E
_Accel_IOC_ISR                            text75       016F7
_AccelerometerIOC                         bssBANK1     000BD
_AnalogISR                                text72       00400
_BRG16                                    (abs)        00CFB
_BRGH                                     (abs)        00CF2
_BitNum2SetMask                           stringtext   004D8
_CCP1CON                                  (abs)        00293
_CCP1IF                                   (abs)        0008A
_CCPR1H                                   (abs)        00292
_CCPR1L                                   (abs)        00291
_CREN                                     (abs)        00CEC
_CheckButtonEvents                        text45       0096D
_CheckForPair                             text40       016C5
_CheckSum                                 bssBANK1     000BE
_ConstructControlPacket                   text36       00D48
_ConstructEncryptionPacket                text29       00A86
_ConstructPacket                          text38       005A7
_ConstructPairRequestPacket               text28       00A55
_CopyFrameData                            text71       01777
_CurrentEncryptionKey                     bssBANK5     002C5
_CurrentState                             bssBANK1     000BF
_Data2Send                                bssBANK2     0014A
_DestinationAddress                       dataBANK1    000EB
_DistList00                               stringtext   0054C
_DriveOffset                              bssBANK1     000C0
_DriveReading                             bssBANK1     000C1
_ES_CheckUserEvents                       text44       0089D
_ES_DeQueue                               text42       00F75
_ES_EnQueueFIFO                           text59       00E90
_ES_EventList                             stringtext   0054A
_ES_GetMSBitSet                           text13       00C68
_ES_InitQueue                             text64       0082D
_ES_Initialize                            text46       00658
_ES_PostAll                               text41       00CFA
_ES_PostAll$1820                          cstackBANK0  00043
_ES_PostToService                         text58       00CAE
_ES_PostToService$1823                    cstackBANK0  00043
_ES_Run                                   text3        006F8
_ES_Run$1817                              cstackBANK2  0016B
_ES_Timer_GetTime                         text34       016DE
_ES_Timer_Init                            text62       016D6
_ES_Timer_InitTimer                       text57       00B28
_ES_Timer_StopTimer                       text70       00848
_ES_Timer_Tick_Resp                       text7        00EED
_EncryptControlData                       text37       00BE0
_EncryptedCheckSum                        bssBANK1     000C2
_EncryptionPacketFlag                     bssBANK1     000C3
_EventQueues                              stringtext   0052C
_FrameDataPacket                          bssBANK5     002A0
_FrameID                                  bssBANK1     000C4
_GIE                                      (abs)        0005F
_GO                                       (abs)        004E9
_GenerateKey                              text30       00AF0
_GetDriveCommand                          text27       016B3
_GetEncryptionFlag                        text6        016B0
_GetInputLine                             text52       016C0
_GetLobbyistNumber                        text25       00801
_GetPacket2Send                           text22       00002
_GetPacket2SendSize                       text21       016AA
_GetSteeringCommand                       text24       016A7
_INTCON                                   (abs)        0000B
_IOCCF                                    (abs)        00399
_IOCCN                                    (abs)        00398
_IOCIE                                    (abs)        0005B
_IOCIF                                    (abs)        00058
_IRCF0                                    (abs)        004CB
_IRCF1                                    (abs)        004CC
_IRCF2                                    (abs)        004CD
_IRCF3                                    (abs)        004CE
_ISR                                      intentry     00004
_IgnorePair                               text23       016B7
_InitAccelerometer                        text55       016BB
_InitAnalogModule                         text56       017CF
_InitAnalogService                        text49       00999
_InitPACService                           text47       009C6
_InitReceivingEUSART                      text53       01766
_InitReceivingService                     text48       008DB
_InitSendingEUSART                        text54       007F1
_InitToggleService                        text50       00920
_InitializeButtonDebounce                 text51       017E7
_JoystickInitialized                      bssBANK1     000C5
_KeyIndex                                 bssBANK1     000C6
_LATA                                     (abs)        0010C
_LATB                                     (abs)        0010D
_LATC                                     (abs)        0010E
_LastButtonState                          bssBANK1     000C7
_LobbyistColor                            dataBANK1    000ED
_LobbyistReading                          bssBANK1     000C8
_MyPriority                               bssBANK1     000C9
_Nybble2MSBitNum                          stringtext   0053B
_PEIE                                     (abs)        0005E
_PIE1                                     (abs)        00091
_PORTA                                    (abs)        0000C
_PORTB                                    (abs)        0000D
_PORTC                                    (abs)        0000E
_Packet2Send                              bssBANK1     000CA
_Packet2SendSize                          bssBANK1     000CB
_PacketReadyFlag                          bssBANK0     00068
_PacketReceived                           bssBANK1     000CC
_PostAnalogService                        text8        0173C
_PostButtonDebounceSM                     text10       01724
_PostPACService                           text11       01718
_PostReceivingService                     text9        01730
_PostToggleService                        text12       0170C
_ProcessData                              text5        001D4
_QueryPACState                            text19       016AD
_Queue0                                   bssBANK4     00220
_Queue1                                   bssBANK1     000D8
_Queue2                                   bssBANK4     00232
_Queue3                                   bssBANK4     0023E
_Queue4                                   bssBANK4     0024A
_RA0                                      (abs)        00060
_RA1                                      (abs)        00061
_RA2                                      (abs)        00062
_RA7                                      (abs)        00067
_RC5                                      (abs)        00075
_RC6                                      (abs)        00076
_RC7                                      (abs)        00077
_RCIE                                     (abs)        0048D
_RCIF                                     (abs)        0008D
_RCIF_ISR                                 text67       00304
_RCREG                                    (abs)        00199
_RX9                                      (abs)        00CEE
_RXSEL                                    (abs)        008E9
_Ready                                    bssBANK1     000A9
_ReceiveDataIndex                         bssBANK0     00069
_ReceivedFrameData                        bssBANK3     001C0
_ReceivedFrameDataSize                    bssBANK1     000CD
_ReceivedOptionsByte                      bssBANK1     000CE
_ReceivedPacket                           bssBANK6     00320
_ReceivedPacketType                       bssBANK1     000CF
_ResetPackets                             text68       008FD
_RunAnalogService                         text16       00B63
_RunButtonDebounceSM                      text17       00E39
_RunPACService                            text14       000A0
_RunReceivingService                      text15       0178C
_RunToggleService                         text18       00A25
_SPBRGH                                   (abs)        0019C
_SPBRGL                                   (abs)        0019B
_SPEN                                     (abs)        00CEF
_SYNC                                     (abs)        00CF4
_SendPacketAndResetFlags                  text20       00BA1
_SendPacketIndex                          bssBANK1     000D0
_SendingTimeoutFlag                       bssBANK1     000D1
_ServDescList                             stringtext   00518
_SignalStrength                           bssBANK1     000D2
_SizeOfData                               bssBANK0     0006A
_SizeOfFrameData                          bssBANK1     000D3
_SizeOfReceivedPacket                     bssBANK1     000D4
_SourceAddress                            bssBANK1     000AB
_SteerOffset                              bssBANK1     000D5
_SteerReading                             bssBANK1     000D6
_SysTickCounter                           bssBANK1     000AD
_T1CON                                    (abs)        00018
_TMR_ActiveFlags                          bssBANK1     000AF
_TMR_TimerArray                           bssBANK3     001A0
_TRISA                                    (abs)        0008C
_TRISB                                    (abs)        0008D
_TRISC                                    (abs)        0008E
_TRISC7                                   (abs)        00477
_TX9                                      (abs)        00CF6
_TXEN                                     (abs)        00CF5
_TXIE                                     (abs)        0048C
_TXIF                                     (abs)        0008C
_TXIF_ISR                                 text66       017A1
_TXREG                                    (abs)        0019A
_TXSEL                                    (abs)        008EA
_TickCount                                bssBANK1     000D7
_Timer2PostFunc                           stringtext   004F8
__CFG_BOREN$ON                            (abs)        00000
__CFG_FOSC$INTOSC                         (abs)        00000
__CFG_MCLRE$ON                            (abs)        00000
__CFG_PWRTE$OFF                           (abs)        00000
__CFG_WDTE$OFF                            (abs)        00000
__HW_GetTickCount                         text35       016EE
__HW_Process_Pending_Ints                 text4        00946
__HW_Process_Pending_Ints@TriggerEvent    cstackBANK0  0005A
__HW_Timer_Init                           text63       01756
__HW_Timer_Init@Rate                      cstackBANK0  00025
__Habs1                                   abs1         00000
__Hbank0                                  bank0        00000
__Hbank1                                  bank1        00000
__Hbank10                                 bank10       00000
__Hbank11                                 bank11       00000
__Hbank12                                 bank12       00000
__Hbank13                                 bank13       00000
__Hbank14                                 bank14       00000
__Hbank15                                 bank15       00000
__Hbank16                                 bank16       00000
__Hbank17                                 bank17       00000
__Hbank18                                 bank18       00000
__Hbank19                                 bank19       00000
__Hbank2                                  bank2        00000
__Hbank20                                 bank20       00000
__Hbank21                                 bank21       00000
__Hbank22                                 bank22       00000
__Hbank23                                 bank23       00000
__Hbank24                                 bank24       00000
__Hbank25                                 bank25       00000
__Hbank26                                 bank26       00000
__Hbank27                                 bank27       00000
__Hbank28                                 bank28       00000
__Hbank29                                 bank29       00000
__Hbank3                                  bank3        00000
__Hbank30                                 bank30       00000
__Hbank31                                 bank31       00000
__Hbank4                                  bank4        00000
__Hbank5                                  bank5        00000
__Hbank6                                  bank6        00000
__Hbank7                                  bank7        00000
__Hbank8                                  bank8        00000
__Hbank9                                  bank9        00000
__Hbigram                                 bigram       00000
__HbssBANK0                               bssBANK0     00000
__HbssBANK1                               bssBANK1     00000
__HbssBANK2                               bssBANK2     00000
__HbssBANK3                               bssBANK3     00000
__HbssBANK4                               bssBANK4     00000
__HbssBANK5                               bssBANK5     00000
__HbssBANK6                               bssBANK6     00000
__Hcinit                                  cinit        000A0
__Hclrtext                                clrtext      00000
__Hcode                                   code         00000
__Hcommon                                 common       00000
__Hconfig                                 config       08008
__HcstackBANK0                            cstackBANK0  00000
__HcstackBANK1                            cstackBANK1  00000
__HcstackBANK2                            cstackBANK2  00000
__HcstackBANK4                            cstackBANK4  00000
__HcstackCOMMON                           cstackCOMMON 00000
__HdataBANK1                              dataBANK1    00000
__Heeprom_data                            eeprom_data  00000
__Hend_init                               end_init     0005B
__Hfunctab                                functab      00000
__HidataBANK1                             idataBANK1   00000
__Hidloc                                  idloc        00000
__Hinit                                   init         00059
__Hinittext                               inittext     00000
__Hintentry                               intentry     00059
__Hmaintext                               maintext     00000
__Hpowerup                                powerup      00000
__Hram                                    ram          00000
__Hreset_vec                              reset_vec    00002
__Hsfr0                                   sfr0         00000
__Hsfr1                                   sfr1         00000
__Hsfr10                                  sfr10        00000
__Hsfr11                                  sfr11        00000
__Hsfr12                                  sfr12        00000
__Hsfr13                                  sfr13        00000
__Hsfr14                                  sfr14        00000
__Hsfr15                                  sfr15        00000
__Hsfr16                                  sfr16        00000
__Hsfr17                                  sfr17        00000
__Hsfr18                                  sfr18        00000
__Hsfr19                                  sfr19        00000
__Hsfr2                                   sfr2         00000
__Hsfr20                                  sfr20        00000
__Hsfr21                                  sfr21        00000
__Hsfr22                                  sfr22        00000
__Hsfr23                                  sfr23        00000
__Hsfr24                                  sfr24        00000
__Hsfr25                                  sfr25        00000
__Hsfr26                                  sfr26        00000
__Hsfr27                                  sfr27        00000
__Hsfr28                                  sfr28        00000
__Hsfr29                                  sfr29        00000
__Hsfr3                                   sfr3         00000
__Hsfr30                                  sfr30        00000
__Hsfr31                                  sfr31        00000
__Hsfr4                                   sfr4         00000
__Hsfr5                                   sfr5         00000
__Hsfr6                                   sfr6         00000
__Hsfr7                                   sfr7         00000
__Hsfr8                                   sfr8         00000
__Hsfr9                                   sfr9         00000
__Hspace_0                                (abs)        08008
__Hspace_1                                (abs)        00349
__Hspace_2                                (abs)        00000
__Hspace_3                                (abs)        00000
__Hstack                                  stack        00000
__Hstrings                                strings      00000
__Hstringtext                             stringtext   00000
__Htext                                   text         00000
__Labs1                                   abs1         00000
__Lbank0                                  bank0        00000
__Lbank1                                  bank1        00000
__Lbank10                                 bank10       00000
__Lbank11                                 bank11       00000
__Lbank12                                 bank12       00000
__Lbank13                                 bank13       00000
__Lbank14                                 bank14       00000
__Lbank15                                 bank15       00000
__Lbank16                                 bank16       00000
__Lbank17                                 bank17       00000
__Lbank18                                 bank18       00000
__Lbank19                                 bank19       00000
__Lbank2                                  bank2        00000
__Lbank20                                 bank20       00000
__Lbank21                                 bank21       00000
__Lbank22                                 bank22       00000
__Lbank23                                 bank23       00000
__Lbank24                                 bank24       00000
__Lbank25                                 bank25       00000
__Lbank26                                 bank26       00000
__Lbank27                                 bank27       00000
__Lbank28                                 bank28       00000
__Lbank29                                 bank29       00000
__Lbank3                                  bank3        00000
__Lbank30                                 bank30       00000
__Lbank31                                 bank31       00000
__Lbank4                                  bank4        00000
__Lbank5                                  bank5        00000
__Lbank6                                  bank6        00000
__Lbank7                                  bank7        00000
__Lbank8                                  bank8        00000
__Lbank9                                  bank9        00000
__Lbigram                                 bigram       00000
__LbssBANK0                               bssBANK0     00000
__LbssBANK1                               bssBANK1     00000
__LbssBANK2                               bssBANK2     00000
__LbssBANK3                               bssBANK3     00000
__LbssBANK4                               bssBANK4     00000
__LbssBANK5                               bssBANK5     00000
__LbssBANK6                               bssBANK6     00000
__Lcinit                                  cinit        0005B
__Lclrtext                                clrtext      00000
__Lcode                                   code         00000
__Lcommon                                 common       00000
__Lconfig                                 config       08007
__LcstackBANK0                            cstackBANK0  00000
__LcstackBANK1                            cstackBANK1  00000
__LcstackBANK2                            cstackBANK2  00000
__LcstackBANK4                            cstackBANK4  00000
__LcstackCOMMON                           cstackCOMMON 00000
__LdataBANK1                              dataBANK1    00000
__Leeprom_data                            eeprom_data  00000
__Lend_init                               end_init     00059
__Lfunctab                                functab      00000
__LidataBANK1                             idataBANK1   00000
__Lidloc                                  idloc        00000
__Linit                                   init         00059
__Linittext                               inittext     00000
__Lintentry                               intentry     00004
__Lmaintext                               maintext     00000
__Lpowerup                                powerup      00000
__Lram                                    ram          00000
__Lreset_vec                              reset_vec    00000
__Lsfr0                                   sfr0         00000
__Lsfr1                                   sfr1         00000
__Lsfr10                                  sfr10        00000
__Lsfr11                                  sfr11        00000
__Lsfr12                                  sfr12        00000
__Lsfr13                                  sfr13        00000
__Lsfr14                                  sfr14        00000
__Lsfr15                                  sfr15        00000
__Lsfr16                                  sfr16        00000
__Lsfr17                                  sfr17        00000
__Lsfr18                                  sfr18        00000
__Lsfr19                                  sfr19        00000
__Lsfr2                                   sfr2         00000
__Lsfr20                                  sfr20        00000
__Lsfr21                                  sfr21        00000
__Lsfr22                                  sfr22        00000
__Lsfr23                                  sfr23        00000
__Lsfr24                                  sfr24        00000
__Lsfr25                                  sfr25        00000
__Lsfr26                                  sfr26        00000
__Lsfr27                                  sfr27        00000
__Lsfr28                                  sfr28        00000
__Lsfr29                                  sfr29        00000
__Lsfr3                                   sfr3         00000
__Lsfr30                                  sfr30        00000
__Lsfr31                                  sfr31        00000
__Lsfr4                                   sfr4         00000
__Lsfr5                                   sfr5         00000
__Lsfr6                                   sfr6         00000
__Lsfr7                                   sfr7         00000
__Lsfr8                                   sfr8         00000
__Lsfr9                                   sfr9         00000
__Lspace_0                                (abs)        00000
__Lspace_1                                (abs)        00000
__Lspace_2                                (abs)        00000
__Lspace_3                                (abs)        00000
__Lstack                                  stack        00000
__Lstrings                                strings      00000
__Lstringtext                             stringtext   00000
__Ltext                                   text         00000
__S0                                      (abs)        08008
__S1                                      (abs)        00349
__S2                                      (abs)        00000
__S3                                      (abs)        00000
___awdiv                                  text26       00DE7
___awdiv@counter                          cstackBANK0  0002A
___awdiv@dividend                         cstackBANK0  00027
___awdiv@divisor                          cstackBANK0  00025
___awdiv@quotient                         cstackBANK0  0002C
___awdiv@sign                             cstackBANK0  0002B
___awmod                                  text61       00C22
___awmod@counter                          cstackBANK0  0002A
___awmod@dividend                         cstackBANK0  00027
___awmod@divisor                          cstackBANK0  00025
___awmod@sign                             cstackBANK0  0002B
___int_sp                                 stack        00000
___latbits                                (abs)        00003
___lbmod                                  text43       008BB
___lbmod@counter                          cstackBANK0  00029
___lbmod@dividend                         cstackBANK0  00028
___lbmod@divisor                          cstackBANK0  00025
___lbmod@rem                              cstackBANK0  0002A
___lmul                                   text33       009F5
___lmul@multiplicand                      cstackBANK0  00029
___lmul@multiplier                        cstackBANK0  00025
___lmul@product                           cstackBANK0  0002D
___sp                                     stack        00000
___wmul                                   text60       00864
___wmul@multiplicand                      cstackBANK0  0002E
___wmul@multiplier                        cstackBANK0  0002C
___wmul@product                           cstackBANK0  00030
__end_of_Accel_IOC_ISR                    text75       01701
__end_of_AnalogISR                        text72       004D8
__end_of_BitNum2SetMask                   stringtext   004F8
__end_of_CheckButtonEvents                text45       00999
__end_of_CheckForPair                     text40       016CA
__end_of_ConstructControlPacket           text36       00D96
__end_of_ConstructEncryptionPacket        text29       00AB8
__end_of_ConstructPacket                  text38       00658
__end_of_ConstructPairRequestPacket       text28       00A86
__end_of_CopyFrameData                    text71       0178C
__end_of_DistList00                       stringtext   0054E
__end_of_ES_CheckUserEvents               text44       008BB
__end_of_ES_DeQueue                       text42       01000
__end_of_ES_EnQueueFIFO                   text59       00EED
__end_of_ES_EventList                     stringtext   0054C
__end_of_ES_GetMSBitSet                   text13       00CAE
__end_of_ES_InitQueue                     text64       00848
__end_of_ES_Initialize                    text46       006F8
__end_of_ES_PostAll                       text41       00D48
__end_of_ES_PostToService                 text58       00CFA
__end_of_ES_Run                           text3        0078C
__end_of_ES_Timer_GetTime                 text34       016E6
__end_of_ES_Timer_Init                    text62       016DE
__end_of_ES_Timer_InitTimer               text57       00B63
__end_of_ES_Timer_StopTimer               text70       00864
__end_of_ES_Timer_Tick_Resp               text7        00F75
__end_of_EncryptControlData               text37       00C22
__end_of_EventQueues                      stringtext   0053B
__end_of_GenerateKey                      text30       00B28
__end_of_GetDriveCommand                  text27       016B7
__end_of_GetEncryptionFlag                text6        016B3
__end_of_GetInputLine                     text52       016C5
__end_of_GetLobbyistNumber                text25       00814
__end_of_GetPacket2Send                   text22       00004
__end_of_GetPacket2SendSize               text21       016AD
__end_of_GetSteeringCommand               text24       016AA
__end_of_ISR                              intentry     00059
__end_of_IgnorePair                       text23       016BB
__end_of_InitAccelerometer                text55       016C0
__end_of_InitAnalogModule                 text56       017E7
__end_of_InitAnalogService                text49       009C6
__end_of_InitPACService                   text47       009F5
__end_of_InitReceivingEUSART              text53       01777
__end_of_InitReceivingService             text48       008FD
__end_of_InitSendingEUSART                text54       00800
__end_of_InitToggleService                text50       00946
__end_of_InitializeButtonDebounce         text51       01800
__end_of_Nybble2MSBitNum                  stringtext   0054A
__end_of_PostAnalogService                text8        01748
__end_of_PostButtonDebounceSM             text10       01730
__end_of_PostPACService                   text11       01724
__end_of_PostReceivingService             text9        0173C
__end_of_PostToggleService                text12       01718
__end_of_ProcessData                      text5        00304
__end_of_QueryPACState                    text19       016B0
__end_of_RCIF_ISR                         text67       00400
__end_of_ResetPackets                     text68       00920
__end_of_RunAnalogService                 text16       00BA1
__end_of_RunButtonDebounceSM              text17       00E90
__end_of_RunPACService                    text14       001D4
__end_of_RunReceivingService              text15       017A1
__end_of_RunToggleService                 text18       00A55
__end_of_SendPacketAndResetFlags          text20       00BE0
__end_of_ServDescList                     stringtext   0052C
__end_of_TXIF_ISR                         text66       017B7
__end_of_Timer2PostFunc                   stringtext   00518
__end_of__HW_GetTickCount                 text35       016F7
__end_of__HW_Process_Pending_Ints         text4        0096D
__end_of__HW_Timer_Init                   text63       01766
__end_of___awdiv                          text26       00E39
__end_of___awmod                          text61       00C68
__end_of___lbmod                          text43       008DB
__end_of___lmul                           text33       00A25
__end_of___wmul                           text60       00880
__end_of__initialization                  cinit        0009C
__end_of_abs                              text74       01756
__end_of_main                             maintext     007F1
__end_of_memset                           text39       0082D
__end_of_printf                           text1        0089D
__end_of_putch                            text2        00801
__end_of_rand                             text32       00DE7
__end_of_srand                            text31       0170C
__end_ofi1_ES_Timer_InitTimer             text73       00AF0
__end_ofi1_memset                         text69       017CF
__initialization                          cinit        0005B
__pbssBANK0                               bssBANK0     00065
__pbssBANK1                               bssBANK1     000A0
__pbssBANK2                               bssBANK2     00120
__pbssBANK3                               bssBANK3     001A0
__pbssBANK4                               bssBANK4     00220
__pbssBANK5                               bssBANK5     002A0
__pbssBANK6                               bssBANK6     00320
__pcstackBANK0                            cstackBANK0  00020
__pcstackBANK1                            cstackBANK1  000EF
__pcstackBANK2                            cstackBANK2  0016B
__pcstackBANK4                            cstackBANK4  00256
__pcstackCOMMON                           cstackCOMMON 00070
__pdataBANK1                              dataBANK1    000E7
__pidataBANK1                             idataBANK1   016E6
__pintentry                               intentry     00004
__pmaintext                               maintext     0078C
__pstringtext                             stringtext   004D8
__pswtext1                                swtext1      01000
__ptext1                                  text1        00880
__ptext10                                 text10       01724
__ptext11                                 text11       01718
__ptext12                                 text12       0170C
__ptext13                                 text13       00C68
__ptext14                                 text14       000A0
__ptext15                                 text15       0178C
__ptext16                                 text16       00B63
__ptext17                                 text17       00E39
__ptext18                                 text18       00A25
__ptext19                                 text19       016AD
__ptext2                                  text2        00800
__ptext20                                 text20       00BA1
__ptext21                                 text21       016AA
__ptext22                                 text22       00002
__ptext23                                 text23       016B7
__ptext24                                 text24       016A7
__ptext25                                 text25       00801
__ptext26                                 text26       00DE7
__ptext27                                 text27       016B3
__ptext28                                 text28       00A55
__ptext29                                 text29       00A86
__ptext3                                  text3        006F8
__ptext30                                 text30       00AF0
__ptext31                                 text31       01701
__ptext32                                 text32       00D96
__ptext33                                 text33       009F5
__ptext34                                 text34       016DE
__ptext35                                 text35       016EE
__ptext36                                 text36       00D48
__ptext37                                 text37       00BE0
__ptext38                                 text38       005A7
__ptext39                                 text39       00814
__ptext4                                  text4        00946
__ptext40                                 text40       016C5
__ptext41                                 text41       00CFA
[...]
 Hardware stack levels required when called:    1
 This function calls:
		i1_memset
 This function is called by:
		_RCIF_ISR
 This function uses a non-reentrant model


 *************** function i1_memset *****************
 Defined at:
		line 8 in file "C:\Program Files (x86)\Microchip\xc8\v1.38\sources\common\memset.c"
 Parameters:    Size  Location     Type
  p1              2    0[COMMON] PTR void 
		 -> Data2Send(33), ProcessDataModule@Packet2Send(42), FrameDataPacket(37), ReceivedPacket(41), 
  c               2    2[COMMON] int 
  n               2    4[COMMON] unsigned int 
 Auto vars:     Size  Location     Type
  memset          2    6[COMMON] PTR unsigned char 
		 -> Data2Send(33), ProcessDataModule@Packet2Send(42), FrameDataPacket(37), ReceivedPacket(41), 
 Return value:  Size  Location     Type
                  1    wreg      PTR void 
 Registers used:
		wreg, fsr1l, fsr1h, status,2, status,0
 Tracked objects:
		On entry : 
		On exit  : 
		Unchanged: 
 Data sizes:     COMMON   BANK0   BANK1   BANK2   BANK3   BANK4   BANK5   BANK6   BANK7   BANK8   BANK9  BANK10  BANK11  BANK12  BANK13  BANK14  BANK15  BANK16  BANK17  BANK18  BANK19  BANK20  BANK21  BANK22  BANK23  BANK24  BANK25
      Params:         6       0       0       0       0       0       0       0       0       0       0       0       0       0       0       0       0       0       0       0       0       0       0       0       0       0       0
      Locals:         2       0       0       0       0       0       0       0       0       0       0       0       0       0       0       0       0       0       0       0       0       0       0       0       0       0       0
      Temps:          0       0       0       0       0       0       0       0       0       0       0       0       0       0       0       0       0       0       0       0       0       0       0       0       0       0       0
      Totals:         8       0       0       0       0       0       0       0       0       0       0       0       0       0       0       0       0       0       0       0       0       0       0       0       0       0       0
Total ram usage:        8 bytes
 Hardware stack levels used:    1
 This function calls:
		Nothing
 This function is called by:
		_ResetPackets
 This function uses a non-reentrant model


 *************** function _ES_Timer_StopTimer *****************
 Defined at:
		line 205 in file "ES_Timers.c"
 Parameters:    Size  Location     Type
  Num             1    wreg     unsigned char 
 Auto vars:     Size  Location     Type
  Num             1    4[COMMON] unsigned char 
 Return value:  Size  Location     Type
                  1    wreg      enum E7086
 Registers used:
		wreg, fsr0l, fsr0h, status,2, status,0, pclath
 Tracked objects:
		On entry : 
		On exit  : 
		Unchanged: 
 Data sizes:     COMMON   BANK0   BANK1   BANK2   BANK3   BANK4   BANK5   BANK6   BANK7   BANK8   BANK9  BANK10  BANK11  BANK12  BANK13  BANK14  BANK15  BANK16  BANK17  BANK18  BANK19  BANK20  BANK21  BANK22  BANK23  BANK24  BANK25
      Params:         0       0       0       0       0       0       0       0       0       0       0       0       0       0       0       0       0       0       0       0       0       0       0       0       0       0       0
      Locals:         1       0       0       0       0       0       0       0       0       0       0       0       0       0       0       0       0       0       0       0       0       0       0       0       0       0       0
      Temps:          4       0       0       0       0       0       0       0       0       0       0       0       0       0       0       0       0       0       0       0       0       0       0       0       0       0       0
      Totals:         5       0       0       0       0       0       0       0       0       0       0       0       0       0       0       0       0       0       0       0       0       0       0       0       0       0       0
Total ram usage:        5 bytes
 Hardware stack levels used:    1
 This function calls:
		Nothing
 This function is called by:
		_RCIF_ISR
 This function uses a non-reentrant model


 *************** function _CopyFrameData *****************
 Defined at:
		line 133 in file "ProcessDataModule.c"
 Parameters:    Size  Location     Type
  PacketSource    1    wreg     PTR unsigned char 
		 -> FrameDataPacket(37), 
  PacketSize      1    0[COMMON] unsigned char 
 Auto vars:     Size  Location     Type
  PacketSource    1    2[COMMON] PTR unsigned char 
		 -> FrameDataPacket(37), 
 Return value:  Size  Location     Type
                  1    wreg      void 
 Registers used:
		wreg, fsr0l, fsr0h, fsr1l, fsr1h
 Tracked objects:
		On entry : 
		On exit  : 
		Unchanged: 
 Data sizes:     COMMON   BANK0   BANK1   BANK2   BANK3   BANK4   BANK5   BANK6   BANK7   BANK8   BANK9  BANK10  BANK11  BANK12  BANK13  BANK14  BANK15  BANK16  BANK17  BANK18  BANK19  BANK20  BANK21  BANK22  BANK23  BANK24  BANK25
      Params:         1       0       0       0       0       0       0       0       0       0       0       0       0       0       0       0       0       0       0       0       0       0       0       0       0       0       0
      Locals:         1       0       0       0       0       0       0       0       0       0       0       0       0       0       0       0       0       0       0       0       0       0       0       0       0       0       0
      Temps:          1       0       0       0       0       0       0       0       0       0       0       0       0       0       0       0       0       0       0       0       0       0       0       0       0       0       0
      Totals:         3       0       0       0       0       0       0       0       0       0       0       0       0       0       0       0       0       0       0       0       0       0       0       0       0       0       0
Total ram usage:        3 bytes
 Hardware stack levels used:    1
 This function calls:
		Nothing
 This function is called by:
		_RCIF_ISR
 This function uses a non-reentrant model


 *************** function _AnalogISR *****************
 Defined at:
		line 247 in file "AnalogService.c"
 Parameters:    Size  Location     Type
		None
 Auto vars:     Size  Location     Type
  Reading         2   11[COMMON] int 
  ShiftedReadi    1   13[COMMON] char 
 Return value:  Size  Location     Type
                  1    wreg      void 
 Registers used:
		wreg, fsr0l, fsr0h, fsr1l, fsr1h, status,2, status,0, pclath, cstack
 Tracked objects:
		On entry : 
		On exit  : 
		Unchanged: 
 Data sizes:     COMMON   BANK0   BANK1   BANK2   BANK3   BANK4   BANK5   BANK6   BANK7   BANK8   BANK9  BANK10  BANK11  BANK12  BANK13  BANK14  BANK15  BANK16  BANK17  BANK18  BANK19  BANK20  BANK21  BANK22  BANK23  BANK24  BANK25
      Params:         0       0       0       0       0       0       0       0       0       0       0       0       0       0       0       0       0       0       0       0       0       0       0       0       0       0       0
      Locals:         3       0       0       0       0       0       0       0       0       0       0       0       0       0       0       0       0       0       0       0       0       0       0       0       0       0       0
      Temps:          4       0       0       0       0       0       0       0       0       0       0       0       0       0       0       0       0       0       0       0       0       0       0       0       0       0       0
      Totals:         7       0       0       0       0       0       0       0       0       0       0       0       0       0       0       0       0       0       0       0       0       0       0       0       0       0       0
Total ram usage:        7 bytes
 Hardware stack levels used:    1
 Hardware stack levels required when called:    1
 This function calls:
		_abs
		i1_ES_Timer_InitTimer
 This function is called by:
		_ISR
 This function uses a non-reentrant model


 *************** function i1_ES_Timer_InitTimer *****************
 Defined at:
		line 229 in file "ES_Timers.c"
 Parameters:    Size  Location     Type
  Num             1    wreg     unsigned char 
  NewTime         2    0[COMMON] unsigned int 
 Auto vars:     Size  Location     Type
  Num             1    6[COMMON] unsigned char 
 Return value:  Size  Location     Type
                  1    wreg      enum E7086
 Registers used:
		wreg, fsr0l, fsr0h, fsr1l, fsr1h, status,2, status,0, pclath
 Tracked objects:
		On entry : 
		On exit  : 
		Unchanged: 
 Data sizes:     COMMON   BANK0   BANK1   BANK2   BANK3   BANK4   BANK5   BANK6   BANK7   BANK8   BANK9  BANK10  BANK11  BANK12  BANK13  BANK14  BANK15  BANK16  BANK17  BANK18  BANK19  BANK20  BANK21  BANK22  BANK23  BANK24  BANK25
      Params:         2       0       0       0       0       0       0       0       0       0       0       0       0       0       0       0       0       0       0       0       0       0       0       0       0       0       0
      Locals:         1       0       0       0       0       0       0       0       0       0       0       0       0       0       0       0       0       0       0       0       0       0       0       0       0       0       0
      Temps:          4       0       0       0       0       0       0       0       0       0       0       0       0       0       0       0       0       0       0       0       0       0       0       0       0       0       0
      Totals:         7       0       0       0       0       0       0       0       0       0       0       0       0       0       0       0       0       0       0       0       0       0       0       0       0       0       0
Total ram usage:        7 bytes
 Hardware stack levels used:    1
 This function calls:
		Nothing
 This function is called by:
		_RCIF_ISR
		_AnalogISR
 This function uses a non-reentrant model


 *************** function _abs *****************
 Defined at:
		line 4 in file "C:\Program Files (x86)\Microchip\xc8\v1.38\sources\common\abs.c"
 Parameters:    Size  Location     Type
  a               2    0[COMMON] int 
 Auto vars:     Size  Location     Type
		None
 Return value:  Size  Location     Type
                  2    0[COMMON] int 
 Registers used:
		wreg, status,2, status,0
 Tracked objects:
		On entry : 
		On exit  : 
		Unchanged: 
 Data sizes:     COMMON   BANK0   BANK1   BANK2   BANK3   BANK4   BANK5   BANK6   BANK7   BANK8   BANK9  BANK10  BANK11  BANK12  BANK13  BANK14  BANK15  BANK16  BANK17  BANK18  BANK19  BANK20  BANK21  BANK22  BANK23  BANK24  BANK25
      Params:         2       0       0       0       0       0       0       0       0       0       0       0       0       0       0       0       0       0       0       0       0       0       0       0       0       0       0
      Locals:         0       0       0       0       0       0       0       0       0       0       0       0       0       0       0       0       0       0       0       0       0       0       0       0       0       0       0
      Temps:          2       0       0       0       0       0       0       0       0       0       0       0       0       0       0       0       0       0       0       0       0       0       0       0       0       0       0
      Totals:         4       0       0       0       0       0       0       0       0       0       0       0       0       0       0       0       0       0       0       0       0       0       0       0       0       0       0
Total ram usage:        4 bytes
 Hardware stack levels used:    1
 This function calls:
		Nothing
 This function is called by:
		_AnalogISR
 This function uses a non-reentrant model


 *************** function _Accel_IOC_ISR *****************
 Defined at:
		line 105 in file "AccelerometerModule.c"
 Parameters:    Size  Location     Type
		None
 Auto vars:     Size  Location     Type
		None
 Return value:  Size  Location     Type
                  1    wreg      unsigned char 
 Registers used:
		wreg, status,2
 Tracked objects:
		On entry : 
		On exit  : 
		Unchanged: 
 Data sizes:     COMMON   BANK0   BANK1   BANK2   BANK3   BANK4   BANK5   BANK6   BANK7   BANK8   BANK9  BANK10  BANK11  BANK12  BANK13  BANK14  BANK15  BANK16  BANK17  BANK18  BANK19  BANK20  BANK21  BANK22  BANK23  BANK24  BANK25
      Params:         0       0       0       0       0       0       0       0       0       0       0       0       0       0       0       0       0       0       0       0       0       0       0       0       0       0       0
      Locals:         0       0       0       0       0       0       0       0       0       0       0       0       0       0       0       0       0       0       0       0       0       0       0       0       0       0       0
      Temps:          0       0       0       0       0       0       0       0       0       0       0       0       0       0       0       0       0       0       0       0       0       0       0       0       0       0       0
      Totals:         0       0       0       0       0       0       0       0       0       0       0       0       0       0       0       0       0       0       0       0       0       0       0       0       0       0       0
Total ram usage:        0 bytes
 Hardware stack levels used:    1
 This function calls:
		Nothing
 This function is called by:
		_ISR
 This function uses a non-reentrant model



MODULE INFORMATION

Module		Function		Class		Link	Load	Size
ES_Queue.c
		_ES_EnQueueFIFO		CODE           	0E90	0000	94
		_ES_DeQueue    		CODE           	0F75	0000	140
		_ES_InitQueue  		CODE           	082D	0000	28

ES_Queue.c estimated size: 262

PACService.c
		_InitSendingEUSART		CODE           	07F1	0000	16
		_InitPACService		CODE           	09C6	0000	48
		_GetEncryptionFlag		CODE           	16B0	0000	4
		_RunPACService 		CODE           	00A0	0000	309
		_TXIF_ISR      		CODE           	17A1	0000	23
		_PostPACService		CODE           	1718	0000	13
		_QueryPACState 		CODE           	16AD	0000	4
		_SendPacketAndResetFlags		CODE           	0BA1	0000	64

PACService.c estimated size: 481

C:\Program Files (x86)\Microchip\xc8\v1.38\sources\common\awmod.c
		___awmod       		CODE           	0C22	0000	71

C:\Program Files (x86)\Microchip\xc8\v1.38\sources\common\awmod.c estimated size: 71

ReceivingService.c
		_ResetPackets  		CODE           	08FD	0000	36
		_RCIF_ISR      		CODE           	0304	0000	253
		_InitReceivingService		CODE           	08DB	0000	35
		_InitReceivingEUSART		CODE           	1766	0000	18
		_PostReceivingService		CODE           	1730	0000	13
		_RunReceivingService		CODE           	178C	0000	22

ReceivingService.c estimated size: 377

C:\Program Files (x86)\Microchip\xc8\v1.38\sources\common\putch.c
		_putch         		CODE           	0800	0000	2

C:\Program Files (x86)\Microchip\xc8\v1.38\sources\common\putch.c estimated size: 2

ProcessDataModule.c
		_ConstructPacket		CODE           	05A7	0000	178
		_ConstructEncryptionPacket		CODE           	0A86	0000	51
		_ConstructPairRequestPacket		CODE           	0A55	0000	50
		_GenerateKey   		CODE           	0AF0	0000	57
		_ConstructControlPacket		CODE           	0D48	0000	79
		_GetPacket2Send		CODE           	0002	0000	3
		_CopyFrameData 		CODE           	1777	0000	22
		_EncryptControlData		CODE           	0BE0	0000	67
		_ProcessData   		CODE           	01D4	0000	305
		_GetPacket2SendSize		CODE           	16AA	0000	4

ProcessDataModule.c estimated size: 816

ES_CheckEvents.c
		_ES_CheckUserEvents		CODE           	089D	0000	31

ES_CheckEvents.c estimated size: 31

C:\Program Files (x86)\Microchip\xc8\v1.38\sources\common\rand.c
		_srand         		CODE           	1701	0000	12
		_rand          		CODE           	0D96	0000	82

C:\Program Files (x86)\Microchip\xc8\v1.38\sources\common\rand.c estimated size: 94

C:\Program Files (x86)\Microchip\xc8\v1.38\sources\common\Umul16.c
		___wmul        		CODE           	0864	0000	29

C:\Program Files (x86)\Microchip\xc8\v1.38\sources\common\Umul16.c estimated size: 29

ES_LookupTables.c
		_ES_GetMSBitSet		CODE           	0C68	0000	71

ES_LookupTables.c estimated size: 71

ES_Framework.c
		_ES_PostAll    		CODE           	0CFA	0000	79
		_ES_PostToService		CODE           	0CAE	0000	77
		_ES_Run        		CODE           	06F8	0000	149
		_ES_Initialize 		CODE           	0658	0000	161

ES_Framework.c estimated size: 466

C:\Program Files (x86)\Microchip\xc8\v1.38\sources\common\awdiv.c
		___awdiv       		CODE           	0DE7	0000	83

C:\Program Files (x86)\Microchip\xc8\v1.38\sources\common\awdiv.c estimated size: 83

C:\Program Files (x86)\Microchip\xc8\v1.38\sources\common\Umul32.c
		___lmul        		CODE           	09F5	0000	49

C:\Program Files (x86)\Microchip\xc8\v1.38\sources\common\Umul32.c estimated size: 49

Button.c
		_RunButtonDebounceSM		CODE           	0E39	0000	88
		_PostButtonDebounceSM		CODE           	1724	0000	13
		_GetInputLine  		CODE           	16C0	0000	6
		_InitializeButtonDebounce		CODE           	17E7	0000	26
		_CheckButtonEvents		CODE           	096D	0000	45

Button.c estimated size: 178

ToggleService.c
		_InitToggleService		CODE           	0920	0000	39
		_RunToggleService		CODE           	0A25	0000	49
		_PostToggleService		CODE           	170C	0000	13

ToggleService.c estimated size: 101

C:\Program Files (x86)\Microchip\xc8\v1.38\sources\common\lbmod.c
		___lbmod       		CODE           	08BB	0000	33

C:\Program Files (x86)\Microchip\xc8\v1.38\sources\common\lbmod.c estimated size: 33

AnalogService.c
		_GetLobbyistNumber		CODE           	0801	0000	20
		_PostAnalogService		CODE           	173C	0000	13
		_GetDriveCommand		CODE           	16B3	0000	5
		_AnalogISR     		CODE           	0400	0000	217
		_RunAnalogService		CODE           	0B63	0000	63
		_InitAnalogModule		CODE           	17CF	0000	25
		_InitAnalogService		CODE           	0999	0000	46
		_GetSteeringCommand		CODE           	16A7	0000	4

AnalogService.c estimated size: 393

C:\Program Files (x86)\Microchip\xc8\v1.38\sources\common\abs.c
		_abs           		CODE           	1748	0000	15

C:\Program Files (x86)\Microchip\xc8\v1.38\sources\common\abs.c estimated size: 15

shared
		_BitNum2SetMask		STRCODE        	04D8	0000	33
		_DistList00    		STRCODE        	054C	0000	3
		_ES_EventList  		STRCODE        	054A	0000	3
		_Nybble2MSBitNum		STRCODE        	053B	0000	16
		_EventQueues   		STRCODE        	052C	0000	16
		__initialization		CODE           	005B	0000	66
		_Timer2PostFunc		STRCODE        	04F8	0000	33
		_ServDescList  		STRCODE        	0518	0000	21
		i1_memset      		CODE           	17B7	0000	25
		i1_ES_Timer_InitTimer		CODE           	0AB8	0000	57

shared estimated size: 273

C:\Program Files (x86)\Microchip\xc8\v1.38\sources\common\memset.c
		_memset        		CODE           	0814	0000	26

C:\Program Files (x86)\Microchip\xc8\v1.38\sources\common\memset.c estimated size: 26

ES_Port.c
		_ISR           		CODE           	0004	0000	86
		__HW_Process_Pending_Ints		CODE           	0946	0000	40
		__HW_Timer_Init		CODE           	1756	0000	17
		__HW_GetTickCount		CODE           	16EE	0000	10

ES_Port.c estimated size: 153

C:\Program Files (x86)\Microchip\xc8\v1.38\sources\common\doprnt.c
		_printf        		CODE           	0880	0000	30

C:\Program Files (x86)\Microchip\xc8\v1.38\sources\common\doprnt.c estimated size: 30

AccelerometerModule.c
		_InitAccelerometer		CODE           	16BB	0000	6
		_Accel_IOC_ISR 		CODE           	16F7	0000	11
		_IgnorePair    		CODE           	16B7	0000	5
		_CheckForPair  		CODE           	16C5	0000	6

AccelerometerModule.c estimated size: 28

ES_Timers.c
		_ES_Timer_GetTime		CODE           	16DE	0000	9
		_ES_Timer_Init 		CODE           	16D6	0000	9
		_ES_Timer_InitTimer		CODE           	0B28	0000	60
		_ES_Timer_StopTimer		CODE           	0848	0000	29
		_ES_Timer_Tick_Resp		CODE           	0EED	0000	137

ES_Timers.c estimated size: 244

main.c
		_main          		CODE           	078C	0000	102

main.c estimated size: 102

